// Validating benchmarks:
// ***** BenchmarkRunner: Start   *****
// ***** Found 2 benchmark(s) in total *****
// ***** Building 1 exe(s) in Parallel: Start   *****
// start dotnet  restore /p:UseSharedCompilation=false /p:BuildInParallel=false /m:1 /p:Deterministic=true /p:Optimize=true /p:IntermediateOutputPath="/home/jdiniz/jsonata.net.native/src/BenchmarkApp/bin/Release/net8.0/93df07c6-c626-40d0-b1b0-3046eeda8274/obj/Release/net8.0/" /p:OutDir="/home/jdiniz/jsonata.net.native/src/BenchmarkApp/bin/Release/net8.0/93df07c6-c626-40d0-b1b0-3046eeda8274/bin/Release/net8.0/" /p:OutputPath="/home/jdiniz/jsonata.net.native/src/BenchmarkApp/bin/Release/net8.0/93df07c6-c626-40d0-b1b0-3046eeda8274/bin/Release/net8.0/" in /home/jdiniz/jsonata.net.native/src/BenchmarkApp/bin/Release/net8.0/93df07c6-c626-40d0-b1b0-3046eeda8274
// command took 1 sec and exited with 0
// start dotnet  build -c Release --no-restore /p:UseSharedCompilation=false /p:BuildInParallel=false /m:1 /p:Deterministic=true /p:Optimize=true /p:IntermediateOutputPath="/home/jdiniz/jsonata.net.native/src/BenchmarkApp/bin/Release/net8.0/93df07c6-c626-40d0-b1b0-3046eeda8274/obj/Release/net8.0/" /p:OutDir="/home/jdiniz/jsonata.net.native/src/BenchmarkApp/bin/Release/net8.0/93df07c6-c626-40d0-b1b0-3046eeda8274/bin/Release/net8.0/" /p:OutputPath="/home/jdiniz/jsonata.net.native/src/BenchmarkApp/bin/Release/net8.0/93df07c6-c626-40d0-b1b0-3046eeda8274/bin/Release/net8.0/" --output "/home/jdiniz/jsonata.net.native/src/BenchmarkApp/bin/Release/net8.0/93df07c6-c626-40d0-b1b0-3046eeda8274/bin/Release/net8.0/" in /home/jdiniz/jsonata.net.native/src/BenchmarkApp/bin/Release/net8.0/93df07c6-c626-40d0-b1b0-3046eeda8274
// command took 5.58 sec and exited with 0
// ***** Done, took 00:00:06 (6.66 sec)   *****
// Found 2 benchmarks:
//   Program.ProcessNative: DefaultJob
//   Program.ProcessJs: DefaultJob

// **************************
// Benchmark: Program.ProcessNative: DefaultJob
// *** Execute ***
// Launch: 1 / 1
// Execute: dotnet 93df07c6-c626-40d0-b1b0-3046eeda8274.dll --anonymousPipes 109 110 --benchmarkName BenchmarkApp.Program.ProcessNative --job Default --benchmarkId 0 in /home/jdiniz/jsonata.net.native/src/BenchmarkApp/bin/Release/net8.0/93df07c6-c626-40d0-b1b0-3046eeda8274/bin/Release/net8.0
// Failed to set up high priority (Permission denied). In order to run benchmarks with high priority, make sure you have the right permissions.
// BeforeAnythingElse
/home/jdiniz/jsonata.net.native/src/BenchmarkApp/bin/Release/net8.0/93df07c6-c626-40d0-b1b0-3046eeda8274/bin/Release/net8.0

// Benchmark Process Environment Information:
// BenchmarkDotNet v0.14.0
// Runtime=.NET 8.0.16 (8.0.1625.21506), X64 RyuJIT AVX2
// GC=Concurrent Workstation
// HardwareIntrinsics=AVX2,AES,BMI1,BMI2,FMA,LZCNT,PCLMUL,POPCNT,AvxVnni,SERIALIZE VectorSize=256
// Job: DefaultJob

OverheadJitting  1: 1 op, 186687.00 ns, 186.6870 us/op
WorkloadJitting  1: 1 op, 17422360.00 ns, 17.4224 ms/op

OverheadJitting  2: 16 op, 254863.00 ns, 15.9289 us/op
WorkloadJitting  2: 16 op, 1978656.00 ns, 123.6660 us/op

WorkloadPilot    1: 16 op, 1738440.00 ns, 108.6525 us/op
WorkloadPilot    2: 32 op, 3376419.00 ns, 105.5131 us/op
WorkloadPilot    3: 64 op, 6476260.00 ns, 101.1916 us/op
WorkloadPilot    4: 128 op, 13439568.00 ns, 104.9966 us/op
WorkloadPilot    5: 256 op, 23833332.00 ns, 93.0990 us/op
WorkloadPilot    6: 512 op, 56891404.00 ns, 111.1160 us/op
WorkloadPilot    7: 1024 op, 35574693.00 ns, 34.7409 us/op
WorkloadPilot    8: 2048 op, 49805506.00 ns, 24.3191 us/op
WorkloadPilot    9: 4096 op, 90889549.00 ns, 22.1898 us/op
WorkloadPilot   10: 8192 op, 187033660.00 ns, 22.8313 us/op
WorkloadPilot   11: 16384 op, 375383051.00 ns, 22.9116 us/op
WorkloadPilot   12: 32768 op, 750638709.00 ns, 22.9077 us/op

OverheadWarmup   1: 32768 op, 60493.00 ns, 1.8461 ns/op
OverheadWarmup   2: 32768 op, 57904.00 ns, 1.7671 ns/op
OverheadWarmup   3: 32768 op, 72864.00 ns, 2.2236 ns/op
OverheadWarmup   4: 32768 op, 64475.00 ns, 1.9676 ns/op
OverheadWarmup   5: 32768 op, 106430.00 ns, 3.2480 ns/op
OverheadWarmup   6: 32768 op, 64551.00 ns, 1.9699 ns/op

OverheadActual   1: 32768 op, 65691.00 ns, 2.0047 ns/op
OverheadActual   2: 32768 op, 82862.00 ns, 2.5287 ns/op
OverheadActual   3: 32768 op, 81327.00 ns, 2.4819 ns/op
OverheadActual   4: 32768 op, 66487.00 ns, 2.0290 ns/op
OverheadActual   5: 32768 op, 91701.00 ns, 2.7985 ns/op
OverheadActual   6: 32768 op, 74972.00 ns, 2.2880 ns/op
OverheadActual   7: 32768 op, 86436.00 ns, 2.6378 ns/op
OverheadActual   8: 32768 op, 72959.00 ns, 2.2265 ns/op
OverheadActual   9: 32768 op, 68317.00 ns, 2.0849 ns/op
OverheadActual  10: 32768 op, 68007.00 ns, 2.0754 ns/op
OverheadActual  11: 32768 op, 73705.00 ns, 2.2493 ns/op
OverheadActual  12: 32768 op, 69440.00 ns, 2.1191 ns/op
OverheadActual  13: 32768 op, 69840.00 ns, 2.1313 ns/op
OverheadActual  14: 32768 op, 67553.00 ns, 2.0616 ns/op
OverheadActual  15: 32768 op, 59761.00 ns, 1.8238 ns/op
OverheadActual  16: 32768 op, 67646.00 ns, 2.0644 ns/op
OverheadActual  17: 32768 op, 53687.00 ns, 1.6384 ns/op
OverheadActual  18: 32768 op, 53364.00 ns, 1.6285 ns/op
OverheadActual  19: 32768 op, 45601.00 ns, 1.3916 ns/op
OverheadActual  20: 32768 op, 49702.00 ns, 1.5168 ns/op

WorkloadWarmup   1: 32768 op, 776842473.00 ns, 23.7074 us/op
WorkloadWarmup   2: 32768 op, 787402727.00 ns, 24.0296 us/op
WorkloadWarmup   3: 32768 op, 804595850.00 ns, 24.5543 us/op
WorkloadWarmup   4: 32768 op, 762751050.00 ns, 23.2773 us/op
WorkloadWarmup   5: 32768 op, 753680684.00 ns, 23.0005 us/op
WorkloadWarmup   6: 32768 op, 758701033.00 ns, 23.1537 us/op
WorkloadWarmup   7: 32768 op, 763248578.00 ns, 23.2925 us/op
WorkloadWarmup   8: 32768 op, 772578114.00 ns, 23.5772 us/op
WorkloadWarmup   9: 32768 op, 750025135.00 ns, 22.8890 us/op

// BeforeActualRun
WorkloadActual   1: 32768 op, 751044211.00 ns, 22.9201 us/op
WorkloadActual   2: 32768 op, 842233397.00 ns, 25.7029 us/op
WorkloadActual   3: 32768 op, 834876908.00 ns, 25.4784 us/op
WorkloadActual   4: 32768 op, 861395954.00 ns, 26.2877 us/op
WorkloadActual   5: 32768 op, 883987101.00 ns, 26.9771 us/op
WorkloadActual   6: 32768 op, 835451358.00 ns, 25.4960 us/op
WorkloadActual   7: 32768 op, 866232564.00 ns, 26.4353 us/op
WorkloadActual   8: 32768 op, 855011044.00 ns, 26.0929 us/op
WorkloadActual   9: 32768 op, 864552909.00 ns, 26.3841 us/op
WorkloadActual  10: 32768 op, 804510833.00 ns, 24.5517 us/op
WorkloadActual  11: 32768 op, 764728317.00 ns, 23.3377 us/op
WorkloadActual  12: 32768 op, 765255510.00 ns, 23.3537 us/op
WorkloadActual  13: 32768 op, 770214559.00 ns, 23.5051 us/op
WorkloadActual  14: 32768 op, 785976848.00 ns, 23.9861 us/op
WorkloadActual  15: 32768 op, 748147532.00 ns, 22.8317 us/op
WorkloadActual  16: 32768 op, 768949039.00 ns, 23.4665 us/op
WorkloadActual  17: 32768 op, 777296743.00 ns, 23.7212 us/op
WorkloadActual  18: 32768 op, 766564438.00 ns, 23.3937 us/op
WorkloadActual  19: 32768 op, 778327372.00 ns, 23.7527 us/op
WorkloadActual  20: 32768 op, 768613091.00 ns, 23.4562 us/op
WorkloadActual  21: 32768 op, 768640624.00 ns, 23.4571 us/op
WorkloadActual  22: 32768 op, 787443443.00 ns, 24.0309 us/op
WorkloadActual  23: 32768 op, 782550373.00 ns, 23.8815 us/op
WorkloadActual  24: 32768 op, 773511125.00 ns, 23.6057 us/op
WorkloadActual  25: 32768 op, 783813665.00 ns, 23.9201 us/op
WorkloadActual  26: 32768 op, 756377355.00 ns, 23.0828 us/op
WorkloadActual  27: 32768 op, 780681010.00 ns, 23.8245 us/op
WorkloadActual  28: 32768 op, 781770755.00 ns, 23.8578 us/op
WorkloadActual  29: 32768 op, 767331403.00 ns, 23.4171 us/op
WorkloadActual  30: 32768 op, 783881262.00 ns, 23.9222 us/op
WorkloadActual  31: 32768 op, 761463967.00 ns, 23.2380 us/op
WorkloadActual  32: 32768 op, 829515815.00 ns, 25.3148 us/op
WorkloadActual  33: 32768 op, 999360975.00 ns, 30.4981 us/op
WorkloadActual  34: 32768 op, 791329654.00 ns, 24.1495 us/op
WorkloadActual  35: 32768 op, 789652046.00 ns, 24.0983 us/op
WorkloadActual  36: 32768 op, 802556960.00 ns, 24.4921 us/op
WorkloadActual  37: 32768 op, 785184571.00 ns, 23.9619 us/op
WorkloadActual  38: 32768 op, 768511348.00 ns, 23.4531 us/op
WorkloadActual  39: 32768 op, 772157864.00 ns, 23.5644 us/op
WorkloadActual  40: 32768 op, 831825269.00 ns, 25.3853 us/op
WorkloadActual  41: 32768 op, 760912706.00 ns, 23.2212 us/op
WorkloadActual  42: 32768 op, 783146036.00 ns, 23.8997 us/op
WorkloadActual  43: 32768 op, 794604721.00 ns, 24.2494 us/op
WorkloadActual  44: 32768 op, 781754718.00 ns, 23.8573 us/op
WorkloadActual  45: 32768 op, 779205797.00 ns, 23.7795 us/op

// AfterActualRun
WorkloadResult   1: 32768 op, 750976049.00 ns, 22.9180 us/op
WorkloadResult   2: 32768 op, 842165235.00 ns, 25.7008 us/op
WorkloadResult   3: 32768 op, 834808746.00 ns, 25.4763 us/op
WorkloadResult   4: 32768 op, 835383196.00 ns, 25.4939 us/op
WorkloadResult   5: 32768 op, 854942882.00 ns, 26.0908 us/op
WorkloadResult   6: 32768 op, 804442671.00 ns, 24.5496 us/op
WorkloadResult   7: 32768 op, 764660155.00 ns, 23.3356 us/op
WorkloadResult   8: 32768 op, 765187348.00 ns, 23.3517 us/op
WorkloadResult   9: 32768 op, 770146397.00 ns, 23.5030 us/op
WorkloadResult  10: 32768 op, 785908686.00 ns, 23.9840 us/op
WorkloadResult  11: 32768 op, 748079370.00 ns, 22.8296 us/op
WorkloadResult  12: 32768 op, 768880877.00 ns, 23.4644 us/op
WorkloadResult  13: 32768 op, 777228581.00 ns, 23.7191 us/op
WorkloadResult  14: 32768 op, 766496276.00 ns, 23.3916 us/op
WorkloadResult  15: 32768 op, 778259210.00 ns, 23.7506 us/op
WorkloadResult  16: 32768 op, 768544929.00 ns, 23.4541 us/op
WorkloadResult  17: 32768 op, 768572462.00 ns, 23.4550 us/op
WorkloadResult  18: 32768 op, 787375281.00 ns, 24.0288 us/op
WorkloadResult  19: 32768 op, 782482211.00 ns, 23.8795 us/op
WorkloadResult  20: 32768 op, 773442963.00 ns, 23.6036 us/op
WorkloadResult  21: 32768 op, 783745503.00 ns, 23.9180 us/op
WorkloadResult  22: 32768 op, 756309193.00 ns, 23.0807 us/op
WorkloadResult  23: 32768 op, 780612848.00 ns, 23.8224 us/op
WorkloadResult  24: 32768 op, 781702593.00 ns, 23.8557 us/op
WorkloadResult  25: 32768 op, 767263241.00 ns, 23.4150 us/op
WorkloadResult  26: 32768 op, 783813100.00 ns, 23.9201 us/op
WorkloadResult  27: 32768 op, 761395805.00 ns, 23.2360 us/op
WorkloadResult  28: 32768 op, 829447653.00 ns, 25.3127 us/op
WorkloadResult  29: 32768 op, 791261492.00 ns, 24.1474 us/op
WorkloadResult  30: 32768 op, 789583884.00 ns, 24.0962 us/op
WorkloadResult  31: 32768 op, 802488798.00 ns, 24.4900 us/op
WorkloadResult  32: 32768 op, 785116409.00 ns, 23.9599 us/op
WorkloadResult  33: 32768 op, 768443186.00 ns, 23.4510 us/op
WorkloadResult  34: 32768 op, 772089702.00 ns, 23.5623 us/op
WorkloadResult  35: 32768 op, 831757107.00 ns, 25.3832 us/op
WorkloadResult  36: 32768 op, 760844544.00 ns, 23.2191 us/op
WorkloadResult  37: 32768 op, 783077874.00 ns, 23.8976 us/op
WorkloadResult  38: 32768 op, 794536559.00 ns, 24.2473 us/op
WorkloadResult  39: 32768 op, 781686556.00 ns, 23.8552 us/op
WorkloadResult  40: 32768 op, 779137635.00 ns, 23.7774 us/op
// GC:  223 7 0 1402297136 32768
// Threading:  0 0 32768

// AfterAll
// Benchmark Process 454 has exited with code 0.

Mean = 23.966 μs, StdErr = 0.124 μs (0.52%), N = 40, StdDev = 0.787 μs
Min = 22.830 μs, Q1 = 23.453 μs, Median = 23.839 μs, Q3 = 24.109 μs, Max = 26.091 μs
IQR = 0.656 μs, LowerFence = 22.470 μs, UpperFence = 25.092 μs
ConfidenceInterval = [23.523 μs; 24.408 μs] (CI 99.9%), Margin = 0.443 μs (1.85% of Mean)
Skewness = 1.12, Kurtosis = 3.43, MValue = 2

// ** Remained 1 (50.0 %) benchmark(s) to run. Estimated finish 2025-06-02 18:22 (0h 0m from now) **
// **************************
// Benchmark: Program.ProcessJs: DefaultJob
// *** Execute ***
// Launch: 1 / 1
// Execute: dotnet 93df07c6-c626-40d0-b1b0-3046eeda8274.dll --anonymousPipes 111 112 --benchmarkName BenchmarkApp.Program.ProcessJs --job Default --benchmarkId 1 in /home/jdiniz/jsonata.net.native/src/BenchmarkApp/bin/Release/net8.0/93df07c6-c626-40d0-b1b0-3046eeda8274/bin/Release/net8.0
// Failed to set up high priority (Permission denied). In order to run benchmarks with high priority, make sure you have the right permissions.
// BeforeAnythingElse
/home/jdiniz/jsonata.net.native/src/BenchmarkApp/bin/Release/net8.0/93df07c6-c626-40d0-b1b0-3046eeda8274/bin/Release/net8.0

// Benchmark Process Environment Information:
// BenchmarkDotNet v0.14.0
// Runtime=.NET 8.0.16 (8.0.1625.21506), X64 RyuJIT AVX2
// GC=Concurrent Workstation
// HardwareIntrinsics=AVX2,AES,BMI1,BMI2,FMA,LZCNT,PCLMUL,POPCNT,AvxVnni,SERIALIZE VectorSize=256
// Job: DefaultJob

OverheadJitting  1: 1 op, 186370.00 ns, 186.3700 us/op
WorkloadJitting  1: 1 op, 68030788.00 ns, 68.0308 ms/op

WorkloadPilot    1: 2 op, 102015319.00 ns, 51.0077 ms/op
WorkloadPilot    2: 3 op, 195431539.00 ns, 65.1438 ms/op
WorkloadPilot    3: 4 op, 227876226.00 ns, 56.9691 ms/op
WorkloadPilot    4: 5 op, 115175576.00 ns, 23.0351 ms/op
WorkloadPilot    5: 6 op, 128714206.00 ns, 21.4524 ms/op
WorkloadPilot    6: 7 op, 123791526.00 ns, 17.6845 ms/op
WorkloadPilot    7: 8 op, 139826573.00 ns, 17.4783 ms/op
WorkloadPilot    8: 9 op, 163516997.00 ns, 18.1686 ms/op
WorkloadPilot    9: 10 op, 175164185.00 ns, 17.5164 ms/op
WorkloadPilot   10: 11 op, 194264338.00 ns, 17.6604 ms/op
WorkloadPilot   11: 12 op, 198559452.00 ns, 16.5466 ms/op
WorkloadPilot   12: 13 op, 221736726.00 ns, 17.0567 ms/op
WorkloadPilot   13: 14 op, 239602021.00 ns, 17.1144 ms/op
WorkloadPilot   14: 15 op, 262162121.00 ns, 17.4775 ms/op
WorkloadPilot   15: 16 op, 291802797.00 ns, 18.2377 ms/op
WorkloadPilot   16: 32 op, 546015065.00 ns, 17.0630 ms/op

WorkloadWarmup   1: 32 op, 568918941.00 ns, 17.7787 ms/op
WorkloadWarmup   2: 32 op, 556231868.00 ns, 17.3822 ms/op
WorkloadWarmup   3: 32 op, 569576734.00 ns, 17.7993 ms/op
WorkloadWarmup   4: 32 op, 591694324.00 ns, 18.4904 ms/op
WorkloadWarmup   5: 32 op, 700228217.00 ns, 21.8821 ms/op
WorkloadWarmup   6: 32 op, 688594388.00 ns, 21.5186 ms/op
WorkloadWarmup   7: 32 op, 662977246.00 ns, 20.7180 ms/op
WorkloadWarmup   8: 32 op, 606192241.00 ns, 18.9435 ms/op
WorkloadWarmup   9: 32 op, 608500660.00 ns, 19.0156 ms/op
WorkloadWarmup  10: 32 op, 557453556.00 ns, 17.4204 ms/op

// BeforeActualRun
WorkloadActual   1: 32 op, 557382622.00 ns, 17.4182 ms/op
WorkloadActual   2: 32 op, 556443523.00 ns, 17.3889 ms/op
WorkloadActual   3: 32 op, 566722483.00 ns, 17.7101 ms/op
WorkloadActual   4: 32 op, 558175649.00 ns, 17.4430 ms/op
WorkloadActual   5: 32 op, 549633996.00 ns, 17.1761 ms/op
WorkloadActual   6: 32 op, 591516887.00 ns, 18.4849 ms/op
WorkloadActual   7: 32 op, 649679457.00 ns, 20.3025 ms/op
WorkloadActual   8: 32 op, 613697614.00 ns, 19.1781 ms/op
WorkloadActual   9: 32 op, 603457670.00 ns, 18.8581 ms/op
WorkloadActual  10: 32 op, 576607667.00 ns, 18.0190 ms/op
WorkloadActual  11: 32 op, 553414156.00 ns, 17.2942 ms/op
WorkloadActual  12: 32 op, 557601222.00 ns, 17.4250 ms/op
WorkloadActual  13: 32 op, 583874068.00 ns, 18.2461 ms/op
WorkloadActual  14: 32 op, 599238311.00 ns, 18.7262 ms/op
WorkloadActual  15: 32 op, 551801913.00 ns, 17.2438 ms/op
WorkloadActual  16: 32 op, 583814257.00 ns, 18.2442 ms/op
WorkloadActual  17: 32 op, 585583166.00 ns, 18.2995 ms/op
WorkloadActual  18: 32 op, 566869982.00 ns, 17.7147 ms/op
WorkloadActual  19: 32 op, 562294968.00 ns, 17.5717 ms/op
WorkloadActual  20: 32 op, 591664217.00 ns, 18.4895 ms/op
WorkloadActual  21: 32 op, 554219420.00 ns, 17.3194 ms/op
WorkloadActual  22: 32 op, 548141685.00 ns, 17.1294 ms/op
WorkloadActual  23: 32 op, 583821926.00 ns, 18.2444 ms/op
WorkloadActual  24: 32 op, 581014735.00 ns, 18.1567 ms/op
WorkloadActual  25: 32 op, 569369396.00 ns, 17.7928 ms/op
WorkloadActual  26: 32 op, 566536053.00 ns, 17.7043 ms/op
WorkloadActual  27: 32 op, 581188043.00 ns, 18.1621 ms/op
WorkloadActual  28: 32 op, 566998666.00 ns, 17.7187 ms/op
WorkloadActual  29: 32 op, 540642093.00 ns, 16.8951 ms/op
WorkloadActual  30: 32 op, 560855947.00 ns, 17.5267 ms/op
WorkloadActual  31: 32 op, 737025358.00 ns, 23.0320 ms/op
WorkloadActual  32: 32 op, 564390894.00 ns, 17.6372 ms/op
WorkloadActual  33: 32 op, 577666287.00 ns, 18.0521 ms/op
WorkloadActual  34: 32 op, 578533035.00 ns, 18.0792 ms/op

// AfterActualRun
WorkloadResult   1: 32 op, 557382622.00 ns, 17.4182 ms/op
WorkloadResult   2: 32 op, 556443523.00 ns, 17.3889 ms/op
WorkloadResult   3: 32 op, 566722483.00 ns, 17.7101 ms/op
WorkloadResult   4: 32 op, 558175649.00 ns, 17.4430 ms/op
WorkloadResult   5: 32 op, 549633996.00 ns, 17.1761 ms/op
WorkloadResult   6: 32 op, 591516887.00 ns, 18.4849 ms/op
WorkloadResult   7: 32 op, 613697614.00 ns, 19.1781 ms/op
WorkloadResult   8: 32 op, 603457670.00 ns, 18.8581 ms/op
WorkloadResult   9: 32 op, 576607667.00 ns, 18.0190 ms/op
WorkloadResult  10: 32 op, 553414156.00 ns, 17.2942 ms/op
WorkloadResult  11: 32 op, 557601222.00 ns, 17.4250 ms/op
WorkloadResult  12: 32 op, 583874068.00 ns, 18.2461 ms/op
WorkloadResult  13: 32 op, 599238311.00 ns, 18.7262 ms/op
WorkloadResult  14: 32 op, 551801913.00 ns, 17.2438 ms/op
WorkloadResult  15: 32 op, 583814257.00 ns, 18.2442 ms/op
WorkloadResult  16: 32 op, 585583166.00 ns, 18.2995 ms/op
WorkloadResult  17: 32 op, 566869982.00 ns, 17.7147 ms/op
WorkloadResult  18: 32 op, 562294968.00 ns, 17.5717 ms/op
WorkloadResult  19: 32 op, 591664217.00 ns, 18.4895 ms/op
WorkloadResult  20: 32 op, 554219420.00 ns, 17.3194 ms/op
WorkloadResult  21: 32 op, 548141685.00 ns, 17.1294 ms/op
WorkloadResult  22: 32 op, 583821926.00 ns, 18.2444 ms/op
WorkloadResult  23: 32 op, 581014735.00 ns, 18.1567 ms/op
WorkloadResult  24: 32 op, 569369396.00 ns, 17.7928 ms/op
WorkloadResult  25: 32 op, 566536053.00 ns, 17.7043 ms/op
WorkloadResult  26: 32 op, 581188043.00 ns, 18.1621 ms/op
WorkloadResult  27: 32 op, 566998666.00 ns, 17.7187 ms/op
WorkloadResult  28: 32 op, 540642093.00 ns, 16.8951 ms/op
WorkloadResult  29: 32 op, 560855947.00 ns, 17.5267 ms/op
WorkloadResult  30: 32 op, 564390894.00 ns, 17.6372 ms/op
WorkloadResult  31: 32 op, 577666287.00 ns, 18.0521 ms/op
WorkloadResult  32: 32 op, 578533035.00 ns, 18.0792 ms/op
// GC:  132 12 0 831445040 32
// Threading:  0 0 32

// AfterAll
// Benchmark Process 620 has exited with code 0.

Mean = 17.855 ms, StdErr = 0.096 ms (0.54%), N = 32, StdDev = 0.546 ms
Min = 16.895 ms, Q1 = 17.423 ms, Median = 17.717 ms, Q3 = 18.244 ms, Max = 19.178 ms
IQR = 0.821 ms, LowerFence = 16.192 ms, UpperFence = 19.476 ms
ConfidenceInterval = [17.504 ms; 18.205 ms] (CI 99.9%), Margin = 0.351 ms (1.96% of Mean)
Skewness = 0.44, Kurtosis = 2.44, MValue = 2

// ** Remained 0 (0.0 %) benchmark(s) to run. Estimated finish 2025-06-02 18:22 (0h 0m from now) **
// ***** BenchmarkRunner: Finish  *****

// * Export *
  BenchmarkDotNet.Artifacts/results/BenchmarkApp.Program-report.csv
  BenchmarkDotNet.Artifacts/results/BenchmarkApp.Program-report-github.md
  BenchmarkDotNet.Artifacts/results/BenchmarkApp.Program-report.html

// * Detailed results *
Program.ProcessNative: DefaultJob
Runtime = .NET 8.0.16 (8.0.1625.21506), X64 RyuJIT AVX2; GC = Concurrent Workstation
Mean = 23.966 μs, StdErr = 0.124 μs (0.52%), N = 40, StdDev = 0.787 μs
Min = 22.830 μs, Q1 = 23.453 μs, Median = 23.839 μs, Q3 = 24.109 μs, Max = 26.091 μs
IQR = 0.656 μs, LowerFence = 22.470 μs, UpperFence = 25.092 μs
ConfidenceInterval = [23.523 μs; 24.408 μs] (CI 99.9%), Margin = 0.443 μs (1.85% of Mean)
Skewness = 1.12, Kurtosis = 3.43, MValue = 2
-------------------- Histogram --------------------
[22.731 μs ; 23.326 μs) | @@@@@
[23.326 μs ; 23.930 μs) | @@@@@@@@@@@@@@@@@@@@@
[23.930 μs ; 24.557 μs) | @@@@@@@@
[24.557 μs ; 25.205 μs) | 
[25.205 μs ; 25.809 μs) | @@@@@
[25.809 μs ; 26.393 μs) | @
---------------------------------------------------

Program.ProcessJs: DefaultJob
Runtime = .NET 8.0.16 (8.0.1625.21506), X64 RyuJIT AVX2; GC = Concurrent Workstation
Mean = 17.855 ms, StdErr = 0.096 ms (0.54%), N = 32, StdDev = 0.546 ms
Min = 16.895 ms, Q1 = 17.423 ms, Median = 17.717 ms, Q3 = 18.244 ms, Max = 19.178 ms
IQR = 0.821 ms, LowerFence = 16.192 ms, UpperFence = 19.476 ms
ConfidenceInterval = [17.504 ms; 18.205 ms] (CI 99.9%), Margin = 0.351 ms (1.96% of Mean)
Skewness = 0.44, Kurtosis = 2.44, MValue = 2
-------------------- Histogram --------------------
[16.844 ms ; 17.281 ms) | @@@@
[17.281 ms ; 17.732 ms) | @@@@@@@@@@@@@
[17.732 ms ; 18.496 ms) | @@@@@@@@@@@@
[18.496 ms ; 19.018 ms) | @@
[19.018 ms ; 19.404 ms) | @
---------------------------------------------------

// * Summary *

BenchmarkDotNet v0.14.0, Ubuntu 22.04.5 LTS (Jammy Jellyfish) WSL
13th Gen Intel Core i7-1365U, 1 CPU, 12 logical and 6 physical cores
.NET SDK 8.0.116
  [Host]     : .NET 8.0.16 (8.0.1625.21506), X64 RyuJIT AVX2
  DefaultJob : .NET 8.0.16 (8.0.1625.21506), X64 RyuJIT AVX2


| Method        | Mean         | Error      | StdDev     | Gen0      | Gen1     | Allocated   |
|-------------- |-------------:|-----------:|-----------:|----------:|---------:|------------:|
| ProcessNative |     23.97 μs |   0.443 μs |   0.787 μs |    6.8054 |   0.2136 |    41.79 KB |
| ProcessJs     | 17,854.66 μs | 350.628 μs | 545.886 μs | 4125.0000 | 375.0000 | 25373.69 KB |

// * Hints *
Outliers
  Program.ProcessNative: Default -> 5 outliers were removed (26.29 μs..30.50 μs)
  Program.ProcessJs: Default     -> 2 outliers were removed (20.30 ms, 23.03 ms)

// * Legends *
  Mean      : Arithmetic mean of all measurements
  Error     : Half of 99.9% confidence interval
  StdDev    : Standard deviation of all measurements
  Gen0      : GC Generation 0 collects per 1000 operations
  Gen1      : GC Generation 1 collects per 1000 operations
  Allocated : Allocated memory per single operation (managed only, inclusive, 1KB = 1024B)
  1 μs      : 1 Microsecond (0.000001 sec)

// * Diagnostic Output - MemoryDiagnoser *


// ***** BenchmarkRunner: End *****
Run time: 00:01:17 (77.8 sec), executed benchmarks: 2

Global total time: 00:01:24 (84.54 sec), executed benchmarks: 2
// * Artifacts cleanup *
Artifacts cleanup is finished
